#-----------------------------------------------------------
# Vivado v2021.2 (64-bit)
# SW Build 3367213 on Tue Oct 19 02:47:39 MDT 2021
# IP Build 3369179 on Thu Oct 21 08:25:16 MDT 2021
# Start of session at: Sat May  7 14:30:13 2022
# Process ID: 25469
# Current directory: /home/kevin/Documents/ECE520/projectFinal/project-final/Hardware/Pmod_color_reading/Pmod_color_reading.runs/color_design_auto_pc_0_synth_1
# Command line: vivado -log color_design_auto_pc_0.vds -product Vivado -mode batch -messageDb vivado.pb -notrace -source color_design_auto_pc_0.tcl
# Log file: /home/kevin/Documents/ECE520/projectFinal/project-final/Hardware/Pmod_color_reading/Pmod_color_reading.runs/color_design_auto_pc_0_synth_1/color_design_auto_pc_0.vds
# Journal file: /home/kevin/Documents/ECE520/projectFinal/project-final/Hardware/Pmod_color_reading/Pmod_color_reading.runs/color_design_auto_pc_0_synth_1/vivado.jou
# Running On: kevin-Surface-Book-2, OS: Linux, CPU Frequency: 2100.000 MHz, CPU Physical cores: 4, Host memory: 16692 MB
#-----------------------------------------------------------
source color_design_auto_pc_0.tcl -notrace
